aaa
ccc
done with ccc
bbb
done with bbb
done with ccc
