[Meta.Tactic.simp.rewrite] PUnit.default_eq_unit:1000, default ==> PUnit.unit
[Meta.Tactic.simp.rewrite] Eager eq_self simpproc appiled to PUnit.unit = x
