Inferred termination argument: 
termination_by x y z => (sizeOf y, 1, 0)
Inferred termination argument: 
termination_by x y z => (sizeOf y, 0, 1)
Inferred termination argument: 
termination_by x y z => (sizeOf y, 0, 0)
