optionalOrLinebreak.lean:2:12: error: expected ';'
optionalOrLinebreak.lean:10:8: error: expected ';'
