termination_by.lean:12:6-12:11: error: Missing `termination_by`; this function is mutually recursive with isEven, which has a `termination_by` clause.
termination_by.lean:29:6-29:7: error: Missing `termination_by`; this function is mutually recursive with Test.f, which has a `termination_by` clause.
