{"textDocument": {"uri": "file:///inWordCompletion.lean"},
 "position": {"line": 4, "character": 11}}
{"items":
 [{"label": "gfxabc", "kind": 3, "detail": "Nat → Nat"},
  {"label": "gfxacc", "kind": 3, "detail": "Nat → Nat"},
  {"label": "gfxadc", "kind": 3, "detail": "Nat → Nat"}],
 "isIncomplete": true}
{"textDocument": {"uri": "file:///inWordCompletion.lean"},
 "position": {"line": 12, "character": 15}}
{"items":
 [{"label": "gfxabc", "kind": 3, "detail": "Nat → Nat"},
  {"label": "gfxacc", "kind": 3, "detail": "Nat → Nat"},
  {"label": "gfxadc", "kind": 3, "detail": "Nat → Nat"}],
 "isIncomplete": true}
